-22
2
No
gender raceethnicity parental_level_of_education lunch test_preparation_course PREDICTION
male group_A associates_degree freereduced none 4
RF OK
1
1
